// Jest Snapshot v1, https://goo.gl/fbAQLP

exports[`renders correctly 1`] = `
<dt>
  &gt;
  <div
    className="MuiChip-root-1"
    onKeyDown={[Function]}
    onKeyUp={[Function]}
    role="button"
    tabIndex={-1}
  >
    <span
      className="MuiChip-label-20"
    >
      BLBL
    </span>
  </div>
  <div
    className="MuiChip-root-1"
    onKeyDown={[Function]}
    onKeyUp={[Function]}
    role="button"
    tabIndex={-1}
  >
    <span
      className="MuiChip-label-20"
    >
      120  pt(s)
    </span>
  </div>
</dt>
`;
