// Jest Snapshot v1, https://goo.gl/fbAQLP

exports[`renders correctly 1`] = `
<dl>
  <div>
    <dt>
      <div
        className="MuiChip-root-2 MuiChip-outlined-11 Player-playerChip-1"
        onKeyDown={[Function]}
        onKeyUp={[Function]}
        role="button"
        tabIndex={-1}
      >
        <div
          className="MuiAvatar-root-27 MuiChip-icon-18"
        >
          <img
            className="MuiAvatar-img-29"
            src="http://localhost/avatars/Player1.png"
          />
        </div>
        <span
          className="MuiChip-label-21"
        >
          Player1
        </span>
      </div>
    </dt>
  </div>
  <div>
    <dt>
      <div
        className="MuiChip-root-2 MuiChip-outlined-11 Player-playerChip-1"
        onKeyDown={[Function]}
        onKeyUp={[Function]}
        role="button"
        tabIndex={-1}
      >
        <div
          className="MuiAvatar-root-27 MuiChip-icon-18"
        >
          <img
            className="MuiAvatar-img-29"
            src="http://localhost/avatars/Player2.png"
          />
        </div>
        <span
          className="MuiChip-label-21"
        >
          Player2
        </span>
      </div>
    </dt>
  </div>
</dl>
`;
