// Jest Snapshot v1, https://goo.gl/fbAQLP

exports[`renders correctly 1`] = `
<button
  className="MuiButtonBase-root-29 MuiButton-root-3 MuiButton-contained-14 MuiButton-containedPrimary-15 MuiButton-raised-17 MuiButton-raisedPrimary-18"
  disabled={false}
  onBlur={[Function]}
  onClick={[Function]}
  onContextMenu={[Function]}
  onFocus={[Function]}
  onKeyDown={[Function]}
  onKeyUp={[Function]}
  onMouseDown={[Function]}
  onMouseLeave={[Function]}
  onMouseUp={[Function]}
  onTouchEnd={[Function]}
  onTouchMove={[Function]}
  onTouchStart={[Function]}
  tabIndex="0"
  type="button"
>
  <span
    className="MuiButton-label-4"
  >
    Créer une partie
  </span>
  <span
    className="MuiTouchRipple-root-48"
  />
</button>
`;
