// Jest Snapshot v1, https://goo.gl/fbAQLP

exports[`renders correctly 1`] = `
<button
  className="MuiButtonBase-root-31 MuiButton-root-5 MuiButton-contained-16 MuiButton-containedPrimary-17 MuiButton-raised-19 MuiButton-raisedPrimary-20"
  disabled={false}
  onBlur={[Function]}
  onClick={[Function]}
  onContextMenu={[Function]}
  onFocus={[Function]}
  onKeyDown={[Function]}
  onKeyUp={[Function]}
  onMouseDown={[Function]}
  onMouseLeave={[Function]}
  onMouseUp={[Function]}
  onTouchEnd={[Function]}
  onTouchMove={[Function]}
  onTouchStart={[Function]}
  tabIndex="0"
  type="button"
>
  <span
    className="MuiButton-label-6"
  >
    Créer une partie
  </span>
  <span
    className="MuiTouchRipple-root-50"
  />
</button>
`;
