// Jest Snapshot v1, https://goo.gl/fbAQLP

exports[`renders correctly with a few props 1`] = `
<div
  className="Card-card-1"
  onClick={[Function]}
  role="none"
  style={
    Object {
      "border": "3px solid red",
    }
  }
>
  <p
    className="MuiTypography-root-3 MuiTypography-body1-12 MuiTypography-colorPrimary-33 Card-cardBody-2"
  >
    BLBL - C'est un test !
  </p>
</div>
`;
