// Jest Snapshot v1, https://goo.gl/fbAQLP

exports[`renders correctly with a few props 1`] = `
<div
  className="Card-card-1"
  onClick={[Function]}
  role="none"
  style={
    Object {
      "border": "3px solid red",
    }
  }
>
  <div>
    <p
      className="MuiTypography-root-2 MuiTypography-body1-11 card-text"
    >
      BLBL - C'est un test !
    </p>
  </div>
</div>
`;
